// Jest Snapshot v1, https://goo.gl/fbAQLP

exports[`DateSelector renders correctly (snapshot) 1`] = `
<View
  style={
    {
      "marginBottom": 15,
    }
  }
>
  <Text
    style={
      {
        "fontSize": 16,
        "marginBottom": 8,
      }
    }
  >
    Due Date:
  </Text>
  <View
    style={
      {
        "flexDirection": "row",
        "justifyContent": "space-between",
        "marginBottom": 8,
      }
    }
  >
    <TouchableOpacity
      onPress={[Function]}
      style={
        [
          {
            "alignItems": "center",
            "borderColor": "#ddd",
            "borderRadius": 5,
            "borderWidth": 1,
            "flex": 1,
            "marginHorizontal": 4,
            "padding": 10,
          },
          null,
        ]
      }
    >
      <Text>
        Today
      </Text>
    </TouchableOpacity>
    <TouchableOpacity
      onPress={[Function]}
      style={
        [
          {
            "alignItems": "center",
            "borderColor": "#ddd",
            "borderRadius": 5,
            "borderWidth": 1,
            "flex": 1,
            "marginHorizontal": 4,
            "padding": 10,
          },
          null,
        ]
      }
    >
      <Text>
        Tomorrow
      </Text>
    </TouchableOpacity>
  </View>
  <View
    style={
      {
        "flexDirection": "row",
        "justifyContent": "space-between",
        "marginBottom": 8,
      }
    }
  >
    <TouchableOpacity
      onPress={[Function]}
      style={
        [
          {
            "alignItems": "center",
            "borderColor": "#ddd",
            "borderRadius": 5,
            "borderWidth": 1,
            "flex": 1,
            "marginHorizontal": 4,
            "padding": 10,
          },
          null,
        ]
      }
    >
      <Text>
        Day After
      </Text>
    </TouchableOpacity>
    <TouchableOpacity
      onPress={[Function]}
      style={
        [
          {
            "alignItems": "center",
            "borderColor": "#ddd",
            "borderRadius": 5,
            "borderWidth": 1,
            "flex": 1,
            "marginHorizontal": 4,
            "padding": 10,
          },
          null,
        ]
      }
    >
      <Text>
        Custom
      </Text>
    </TouchableOpacity>
  </View>
</View>
`;
