// Jest Snapshot v1, https://goo.gl/fbAQLP

exports[`HapticTab renders correctly (snapshot) 1`] = `
<View
  accessibilityState={
    {
      "busy": undefined,
      "checked": undefined,
      "disabled": undefined,
      "expanded": undefined,
      "selected": false,
    }
  }
  accessibilityValue={
    {
      "max": undefined,
      "min": undefined,
      "now": undefined,
      "text": undefined,
    }
  }
  accessible={true}
  collapsable={false}
  focusable={true}
  onBlur={[Function]}
  onClick={[Function]}
  onFocus={[Function]}
  onResponderGrant={[Function]}
  onResponderMove={[Function]}
  onResponderRelease={[Function]}
  onResponderTerminate={[Function]}
  onResponderTerminationRequest={[Function]}
  onStartShouldSetResponder={[Function]}
  role="button"
  style={
    [
      {
        "alignItems": "center",
        "borderRadius": 8,
        "flex": 1,
        "height": 50,
        "justifyContent": "center",
        "marginHorizontal": 5,
        "paddingVertical": 8,
      },
      {
        "backgroundColor": "transparent",
        "opacity": 1,
      },
    ]
  }
/>
`;
