// Jest Snapshot v1, https://goo.gl/fbAQLP

exports[`LanguageSelector renders correctly (snapshot) 1`] = `
<View
  style={
    {
      "flexDirection": "column",
      "marginTop": 10,
    }
  }
>
  <View
    accessibilityState={
      {
        "busy": undefined,
        "checked": undefined,
        "disabled": undefined,
        "expanded": undefined,
        "selected": undefined,
      }
    }
    accessibilityValue={
      {
        "max": undefined,
        "min": undefined,
        "now": undefined,
        "text": undefined,
      }
    }
    accessible={true}
    collapsable={false}
    focusable={true}
    onClick={[Function]}
    onResponderGrant={[Function]}
    onResponderMove={[Function]}
    onResponderRelease={[Function]}
    onResponderTerminate={[Function]}
    onResponderTerminationRequest={[Function]}
    onStartShouldSetResponder={[Function]}
    style={
      {
        "alignItems": "center",
        "backgroundColor": "#fff",
        "borderColor": "#007aff",
        "borderRadius": 8,
        "borderWidth": 2,
        "flexDirection": "row",
        "justifyContent": "space-between",
        "marginBottom": 10,
        "opacity": 1,
        "padding": 15,
      }
    }
    testID="language-option-en"
  >
    <Text
      style={
        [
          {
            "fontSize": 16,
            "fontWeight": "500",
          },
          {
            "color": "#000",
          },
        ]
      }
    >
      English
    </Text>
  </View>
  <View
    accessibilityState={
      {
        "busy": undefined,
        "checked": undefined,
        "disabled": undefined,
        "expanded": undefined,
        "selected": undefined,
      }
    }
    accessibilityValue={
      {
        "max": undefined,
        "min": undefined,
        "now": undefined,
        "text": undefined,
      }
    }
    accessible={true}
    collapsable={false}
    focusable={true}
    onClick={[Function]}
    onResponderGrant={[Function]}
    onResponderMove={[Function]}
    onResponderRelease={[Function]}
    onResponderTerminate={[Function]}
    onResponderTerminationRequest={[Function]}
    onStartShouldSetResponder={[Function]}
    style={
      {
        "alignItems": "center",
        "backgroundColor": "#fff",
        "borderRadius": 8,
        "flexDirection": "row",
        "justifyContent": "space-between",
        "marginBottom": 10,
        "opacity": 1,
        "padding": 15,
      }
    }
    testID="language-option-es"
  >
    <Text
      style={
        [
          {
            "fontSize": 16,
            "fontWeight": "500",
          },
          {
            "color": "#000",
          },
        ]
      }
    >
      Español
    </Text>
  </View>
  <View
    accessibilityState={
      {
        "busy": undefined,
        "checked": undefined,
        "disabled": undefined,
        "expanded": undefined,
        "selected": undefined,
      }
    }
    accessibilityValue={
      {
        "max": undefined,
        "min": undefined,
        "now": undefined,
        "text": undefined,
      }
    }
    accessible={true}
    collapsable={false}
    focusable={true}
    onClick={[Function]}
    onResponderGrant={[Function]}
    onResponderMove={[Function]}
    onResponderRelease={[Function]}
    onResponderTerminate={[Function]}
    onResponderTerminationRequest={[Function]}
    onStartShouldSetResponder={[Function]}
    style={
      {
        "alignItems": "center",
        "backgroundColor": "#fff",
        "borderRadius": 8,
        "flexDirection": "row",
        "justifyContent": "space-between",
        "marginBottom": 10,
        "opacity": 1,
        "padding": 15,
      }
    }
    testID="language-option-fr"
  >
    <Text
      style={
        [
          {
            "fontSize": 16,
            "fontWeight": "500",
          },
          {
            "color": "#000",
          },
        ]
      }
    >
      Français
    </Text>
  </View>
</View>
`;
